#
# There is insufficient memory for the Java Runtime Environment to continue.
# Native memory allocation (mmap) failed to map 65011712 bytes. Error detail: G1 virtual space
# Possible reasons:
#   The system is out of physical RAM or swap space
#   This process is running with CompressedOops enabled, and the Java Heap may be blocking the growth of the native heap
# Possible solutions:
#   Reduce memory load on the system
#   Increase physical memory or swap space
#   Check if swap backing store is full
#   Decrease Java heap size (-Xmx/-Xms)
#   Decrease number of Java threads
#   Decrease Java thread stack sizes (-Xss)
#   Set larger code cache with -XX:ReservedCodeCacheSize=
#   JVM is running with Unscaled Compressed Oops mode in which the Java heap is
#     placed in the first 4GB address space. The Java Heap base address is the
#     maximum limit for the native heap growth. Please use -XX:HeapBaseMinAddress
#     to set the Java Heap base and to place the Java Heap above 4GB virtual address.
# This output file may be truncated or incomplete.
#
#  Out of Memory Error (os_windows.cpp:3898), pid=10868, tid=11460
#
# JRE version:  (21.0.6+9) (build )
# Java VM: OpenJDK 64-Bit Server VM (21.0.6+9-b895.109, mixed mode, sharing, tiered, compressed oops, compressed class ptrs, g1 gc, windows-amd64)
# No core dump will be written. Minidumps are not enabled by default on client versions of Windows
#

---------------  S U M M A R Y ------------

Command Line: git4idea.http.GitAskPassApp Username for 'https://github.com': 

Host: Intel(R) Pentium(R) CPU N4200 @ 1.10GHz, 4 cores, 3G,  Windows 10 , 64 bit Build 17763 (10.0.17763.475)
Time: Tue Oct 14 09:24:18 2025 Mitteleuropäische Sommerzeit elapsed time: 0.459594 seconds (0d 0h 0m 0s)

---------------  T H R E A D  ---------------

Current thread (0x0000018f2f66c610):  JavaThread "Unknown thread" [_thread_in_vm, id=11460, stack(0x00000086a1f00000,0x00000086a2000000) (1024K)]

Stack: [0x00000086a1f00000,0x00000086a2000000]
Native frames: (J=compiled Java code, j=interpreted, Vv=VM code, C=native code)
V  [jvm.dll+0x6e5cb9]
V  [jvm.dll+0x8c4113]
V  [jvm.dll+0x8c666e]
V  [jvm.dll+0x8c6d53]
V  [jvm.dll+0x288f76]
V  [jvm.dll+0x6e2575]
V  [jvm.dll+0x6d602a]
V  [jvm.dll+0x3635db]
V  [jvm.dll+0x36b1a6]
V  [jvm.dll+0x3bd4f6]
V  [jvm.dll+0x3bd7c8]
V  [jvm.dll+0x335d2c]
V  [jvm.dll+0x336a1b]
V  [jvm.dll+0x88b569]
V  [jvm.dll+0x3ca6c8]
V  [jvm.dll+0x8745b8]
V  [jvm.dll+0x45f0de]
V  [jvm.dll+0x460dc1]
C  [jli.dll+0x52ab]
C  [ucrtbase.dll+0x2268a]
C  [KERNEL32.DLL+0x17974]
C  [ntdll.dll+0x5a0b1]


---------------  P R O C E S S  ---------------

Threads class SMR info:
_java_thread_list=0x00007ff92537a148, length=0, elements={
}

Java Threads: ( => current thread )
Total: 0

Other Threads:
  0x0000018f31927020 WorkerThread "GC Thread#0"                     [id=10528, stack(0x00000086a2100000,0x00000086a2200000) (1024K)]
  0x0000018f31931230 ConcurrentGCThread "G1 Main Marker"            [id=11864, stack(0x00000086a2200000,0x00000086a2300000) (1024K)]
  0x0000018f31931df0 WorkerThread "G1 Conc#0"                       [id=12112, stack(0x00000086a2300000,0x00000086a2400000) (1024K)]

[error occurred during error reporting (printing all threads), id 0xc0000005, EXCEPTION_ACCESS_VIOLATION (0xc0000005) at pc=0x00007ff924a68e07]
VM state: not at safepoint (not fully initialized)

VM Mutex/Monitor currently owned by a thread:  ([mutex/lock_event])
[0x00007ff9253eeb30] Heap_lock - owner thread: 0x0000018f2f66c610

Heap address: 0x00000000c2800000, size: 984 MB, Compressed Oops mode: 32-bit

CDS archive(s) mapped at: [0x0000000000000000-0x0000000000000000-0x0000000000000000), size 0, SharedBaseAddress: 0x0000000800000000, ArchiveRelocationMode: 1.
Narrow klass base: 0x0000000000000000, Narrow klass shift: 0, Narrow klass range: 0x0

GC Precious Log:
 CardTable entry size: 512
 Card Set container configuration: InlinePtr #cards 5 size 8 Array Of Cards #cards 12 size 40 Howl #buckets 4 coarsen threshold 1843 Howl Bitmap #cards 512 size 80 coarsen threshold 460 Card regions per heap region 1 cards per card region 2048

Heap:
 garbage-first heap   total 0K, used 0K [0x00000000c2800000, 0x0000000100000000)
  region size 1024K, 0 young (0K), 0 survivors (0K)
 Metaspace       used 0K, committed 0K, reserved 0K
  class space    used 0K, committed 0K, reserved 0K

Heap Regions: E=young(eden), S=young(survivor), O=old, HS=humongous(starts), HC=humongous(continues), CS=collection set, F=free, TAMS=top-at-mark-start, PB=parsable bottom

Card table byte_map: [0x0000018f44b20000,0x0000018f44d10000] _byte_map_base: 0x0000018f4450c000

Marking Bits: (CMBitMap*) 0x0000018f31928e50
 Bits: [0x0000018f44d10000, 0x0000018f45c70000)

GC Heap History (0 events):
No events

Dll operation events (1 events):
Event: 0.037 Loaded shared library D:\JetBrains Rider 2025.1.1\jbr\bin\java.dll

Deoptimization events (0 events):
No events

Classes loaded (0 events):
No events

Classes unloaded (0 events):
No events

Classes redefined (0 events):
No events

Internal exceptions (0 events):
No events

ZGC Phase Switch (0 events):
No events

VM Operations (0 events):
No events

Memory protections (0 events):
No events

Nmethod flushes (0 events):
No events

Events (0 events):
No events


Dynamic libraries:
0x00007ff6bfc50000 - 0x00007ff6bfc5a000 	D:\JetBrains Rider 2025.1.1\jbr\bin\java.exe
0x00007ff9724e0000 - 0x00007ff9726cd000 	C:\WINDOWS\SYSTEM32\ntdll.dll
0x00007ff972230000 - 0x00007ff9722e3000 	C:\WINDOWS\System32\KERNEL32.DLL
0x00007ff96f460000 - 0x00007ff96f6f5000 	C:\WINDOWS\System32\KERNELBASE.dll
0x00007ff96e6c0000 - 0x00007ff96e7ba000 	C:\WINDOWS\System32\ucrtbase.dll
0x00007ff932250000 - 0x00007ff932268000 	D:\JetBrains Rider 2025.1.1\jbr\bin\jli.dll
0x00007ff972020000 - 0x00007ff9721b7000 	C:\WINDOWS\System32\USER32.dll
0x00007ff96f0e0000 - 0x00007ff96f100000 	C:\WINDOWS\System32\win32u.dll
0x00007ff972320000 - 0x00007ff972349000 	C:\WINDOWS\System32\GDI32.dll
0x00007ff96ef20000 - 0x00007ff96f0bc000 	C:\WINDOWS\System32\gdi32full.dll
0x00007ff96f3c0000 - 0x00007ff96f460000 	C:\WINDOWS\System32\msvcp_win.dll
0x00007ff964a20000 - 0x00007ff964a3b000 	D:\JetBrains Rider 2025.1.1\jbr\bin\VCRUNTIME140.dll
0x00007ff958df0000 - 0x00007ff959069000 	C:\WINDOWS\WinSxS\amd64_microsoft.windows.common-controls_6595b64144ccf1df_6.0.17763.1577_none_de7444545348a3d0\COMCTL32.dll
0x00007ff970dc0000 - 0x00007ff970e5e000 	C:\WINDOWS\System32\msvcrt.dll
0x00007ff970e60000 - 0x00007ff97118d000 	C:\WINDOWS\System32\combase.dll
0x00007ff971190000 - 0x00007ff9712b2000 	C:\WINDOWS\System32\RPCRT4.dll
0x00007ff96e640000 - 0x00007ff96e6be000 	C:\WINDOWS\System32\bcryptPrimitives.dll
0x00007ff9722f0000 - 0x00007ff97231e000 	C:\WINDOWS\System32\IMM32.DLL
0x00007ff9693e0000 - 0x00007ff9693ec000 	D:\JetBrains Rider 2025.1.1\jbr\bin\vcruntime140_1.dll
0x00007ff91e5c0000 - 0x00007ff91e64d000 	D:\JetBrains Rider 2025.1.1\jbr\bin\msvcp140.dll
0x00007ff924720000 - 0x00007ff9254e1000 	D:\JetBrains Rider 2025.1.1\jbr\bin\server\jvm.dll
0x00007ff971780000 - 0x00007ff971823000 	C:\WINDOWS\System32\ADVAPI32.dll
0x00007ff971f00000 - 0x00007ff971f9e000 	C:\WINDOWS\System32\sechost.dll
0x00007ff96e530000 - 0x00007ff96e58d000 	C:\WINDOWS\System32\POWRPROF.dll
0x00007ff9721c0000 - 0x00007ff97222d000 	C:\WINDOWS\System32\WS2_32.dll
0x00007ff96ae30000 - 0x00007ff96ae54000 	C:\WINDOWS\SYSTEM32\WINMM.dll
0x00007ff9693d0000 - 0x00007ff9693da000 	C:\WINDOWS\SYSTEM32\VERSION.dll
0x00007ff96ae00000 - 0x00007ff96ae2d000 	C:\WINDOWS\SYSTEM32\WINMMBASE.dll
0x00007ff96f100000 - 0x00007ff96f14a000 	C:\WINDOWS\System32\cfgmgr32.dll
0x00007ff96e4c0000 - 0x00007ff96e4d1000 	C:\WINDOWS\System32\kernel.appcore.dll
0x00007ff9635c0000 - 0x00007ff9635ca000 	D:\JetBrains Rider 2025.1.1\jbr\bin\jimage.dll
0x00007ff969900000 - 0x00007ff969aed000 	C:\WINDOWS\SYSTEM32\DBGHELP.DLL
0x00007ff9570e0000 - 0x00007ff95710a000 	C:\WINDOWS\SYSTEM32\dbgcore.DLL
0x00007ff942350000 - 0x00007ff942370000 	D:\JetBrains Rider 2025.1.1\jbr\bin\java.dll

dbghelp: loaded successfully - version: 4.0.5 - missing functions: none
symbol engine: initialized successfully - sym options: 0x614 - pdb path: .;D:\JetBrains Rider 2025.1.1\jbr\bin;C:\WINDOWS\SYSTEM32;C:\WINDOWS\WinSxS\amd64_microsoft.windows.common-controls_6595b64144ccf1df_6.0.17763.1577_none_de7444545348a3d0;D:\JetBrains Rider 2025.1.1\jbr\bin\server

VM Arguments:
java_command: git4idea.http.GitAskPassApp Username for 'https://github.com': 
java_class_path (initial): D:/JetBrains Rider 2025.1.1/plugins/vcs-git/lib/git4idea-rt.jar;D:/JetBrains Rider 2025.1.1/lib/externalProcess-rt.jar
Launcher Type: SUN_STANDARD

[Global flags]
     intx CICompilerCount                          = 3                                         {product} {ergonomic}
     uint ConcGCThreads                            = 1                                         {product} {ergonomic}
     uint G1ConcRefinementThreads                  = 4                                         {product} {ergonomic}
   size_t G1HeapRegionSize                         = 1048576                                   {product} {ergonomic}
    uintx GCDrainStackTargetSize                   = 64                                        {product} {ergonomic}
   size_t InitialHeapSize                          = 65011712                                  {product} {ergonomic}
   size_t MarkStackSize                            = 4194304                                   {product} {ergonomic}
   size_t MaxHeapSize                              = 1031798784                                {product} {ergonomic}
   size_t MinHeapDeltaBytes                        = 1048576                                   {product} {ergonomic}
   size_t MinHeapSize                              = 8388608                                   {product} {ergonomic}
    uintx NonNMethodCodeHeapSize                   = 5832780                                {pd product} {ergonomic}
    uintx NonProfiledCodeHeapSize                  = 122912730                              {pd product} {ergonomic}
    uintx ProfiledCodeHeapSize                     = 122912730                              {pd product} {ergonomic}
    uintx ReservedCodeCacheSize                    = 251658240                              {pd product} {ergonomic}
     bool SegmentedCodeCache                       = true                                      {product} {ergonomic}
   size_t SoftMaxHeapSize                          = 1031798784                             {manageable} {ergonomic}
     bool UseCompressedOops                        = true                           {product lp64_product} {ergonomic}
     bool UseG1GC                                  = true                                      {product} {ergonomic}
     bool UseLargePagesIndividualAllocation        = false                                  {pd product} {ergonomic}

Logging:
Log output configuration:
 #0: stdout all=warning uptime,level,tags foldmultilines=false
 #1: stderr all=off uptime,level,tags foldmultilines=false

Environment Variables:
PATH=D:/Git/mingw64/libexec/git-core;D:/Git/mingw64/libexec/git-core;D:\Git\mingw64\bin;D:\Git\usr\bin;C:\Users\gueka\bin;C:\Program Files (x86)\Intel\TXE Components\iCLS\;C:\Program Files\Intel\TXE Components\iCLS\;C:\WINDOWS\system32;C:\WINDOWS;C:\WINDOWS\System32\Wbem;C:\WINDOWS\System32\WindowsPowerShell\v1.0\;C:\Program Files\Intel\TXE Components\DAL\;C:\Program Files (x86)\Intel\TXE Components\DAL\;C:\Program Files\Intel\TXE Components\IPT\;C:\Program Files (x86)\Intel\TXE Components\IPT\;C:\Program Files\Intel\WiFi\bin\;C:\Program Files\Common Files\Intel\WirelessCommon\;C:\WINDOWS\System32\OpenSSH\;D:\Git\cmd;C:\Users\gueka\AppData\Local\Microsoft\WindowsApps;D:\Microsoft VS Code\bin;C:\Users\gueka\.dotnet\tools
USERNAME=Marcel
DISPLAY=:0.0
LC_ALL=en_US.UTF-8
TERM=xterm-256color
TMPDIR=C:\Users\gueka\AppData\Local\Temp
OS=Windows_NT
PROCESSOR_IDENTIFIER=Intel64 Family 6 Model 92 Stepping 9, GenuineIntel
TMP=C:\Users\gueka\AppData\Local\Temp
TEMP=C:\Users\gueka\AppData\Local\Temp




Periodic native trim disabled

JNI global refs:
JNI global refs: 0, weak refs: 0

JNI global refs memory usage: 0, weak refs: 0

Process memory usage:
Resident Set Size: 10224K (0% of 4022968K total physical memory with 261100K free physical memory)

OOME stack traces (most recent first):
Classloader memory used:

---------------  S Y S T E M  ---------------

OS:
 Windows 10 , 64 bit Build 17763 (10.0.17763.475)
OS uptime: 0 days 0:06 hours
Hyper-V role detected

CPU: total 4 (initial active 4) (4 cores per cpu, 1 threads per core) family 6 model 92 stepping 9 microcode 0x32, cx8, cmov, fxsr, mmx, 3dnowpref, sse, sse2, sse3, ssse3, sse4.1, sse4.2, popcnt, tsc, tscinvbit, aes, erms, clmul, sha, clflush, clflushopt, hv, rdtscp
Processor Information for the first 4 processors :
  Max Mhz: 1101, Current Mhz: 1101, Mhz Limit: 1101

Memory: 4k page, system-wide physical 3928M (254M free)
TotalPageFile size 4036M (AvailPageFile size 20M)
current process WorkingSet (physical memory assigned to process): 10M, peak: 10M
current process commit charge ("private bytes"): 51M, peak: 113M

vm_info: OpenJDK 64-Bit Server VM (21.0.6+9-b895.109) for windows-amd64 JRE (21.0.6+9-b895.109), built on 2025-03-26 by "builduser" with MS VC++ 16.10 / 16.11 (VS2019)

END.
